// Jest Snapshot v1, https://goo.gl/fbAQLP

exports[`TestComponent renders correctly 1`] = `
<div>
  test
  <button>
    +
  </button>
</div>
`;
